tests/test_base_service.py::TestBaseService::test_cannot_instantiate_abstract_base
tests/test_base_service.py::TestBaseService::test_initial_state
tests/test_base_service.py::TestBaseService::test_repr
tests/test_base_service.py::TestBaseService::test_cache_set_and_get
tests/test_base_service.py::TestBaseService::test_cache_get_miss
tests/test_base_service.py::TestBaseService::test_cache_clear_single_key
tests/test_base_service.py::TestBaseService::test_cache_clear_all
tests/test_base_service.py::TestBaseService::test_track_metric_success
tests/test_base_service.py::TestBaseService::test_track_metric_failure
tests/test_base_service.py::TestBaseService::test_get_metrics_computed_rates
tests/test_base_service.py::TestBaseService::test_get_metrics_zero_calls_no_division_error
tests/test_base_service.py::TestBaseService::test_health_check
tests/test_base_service.py::TestCachedService::test_set_and_get_cached
tests/test_base_service.py::TestCachedService::test_get_cached_missing
tests/test_base_service.py::TestCachedService::test_cache_none_ttl_always_valid
tests/test_base_service.py::TestCachedService::test_expired_cache_returns_none
tests/test_base_service.py::TestDataService::test_unimplemented_methods_raise
tests/test_base_service.py::TestAnalysisService::test_analyze
tests/test_base_service.py::TestAnalysisService::test_batch_analyze_handles_errors
tests/test_base_service.py::TestAnalysisService::test_default_analyze_raises
tests/test_base_service.py::TestMLService::test_initial_model_state
tests/test_base_service.py::TestMLService::test_unimplemented_methods_raise
tests/test_base_service.py::TestExternalAPIService::test_configuration
tests/test_base_service.py::TestExternalAPIService::test_fetch_not_implemented
tests/test_base_service.py::TestExternalAPIService::test_handle_rate_limit_backoff
tests/test_base_service.py::TestExternalAPIService::test_handle_rate_limit_caps_at_60
tests/test_behavioral_economics.py::TestBehavioralEconomicsService::test_initialize
tests/test_behavioral_economics.py::TestBehavioralEconomicsService::test_shutdown
tests/test_behavioral_economics.py::TestBehavioralEconomicsService::test_behavioral_inconsistency_index
tests/test_behavioral_economics.py::TestBehavioralEconomicsService::test_noise_trader_risk_low
tests/test_behavioral_economics.py::TestBehavioralEconomicsService::test_noise_trader_risk_high
tests/test_behavioral_economics.py::TestBehavioralEconomicsService::test_prospect_theory_weighting
tests/test_behavioral_economics.py::TestBehavioralEconomicsService::test_prospect_theory_no_gains
tests/test_behavioral_economics.py::TestBehavioralEconomicsService::test_behavioral_regime_classifier
tests/test_behavioral_economics.py::TestBehavioralEconomicsService::test_fetch_survey_data_invalid_source
tests/test_behavioral_economics.py::TestBehavioralEconomicsService::test_analyze_full
tests/test_brs_api_client.py::TestRateLimiterStatus::test_initial_status
tests/test_brs_api_client.py::TestRateLimiterAcquire::test_acquire_within_limits
tests/test_brs_api_client.py::TestRateLimiterAcquire::test_acquire_raises_when_daily_limit_reached
tests/test_brs_api_client.py::TestRateLimiterAcquire::test_acquire_raises_when_window_limit_reached
tests/test_brs_api_client.py::TestRateLimiterAcquire::test_clean_window_removes_old_timestamps
tests/test_brs_api_client.py::TestRateLimiterAcquire::test_rotate_day_resets_daily_count
tests/test_brs_api_client.py::TestBrsApiClientInitialization::test_default_service_name
tests/test_brs_api_client.py::TestBrsApiClientInitialization::test_initialize_creates_session
tests/test_brs_api_client.py::TestBrsApiClientInitialization::test_shutdown_closes_session
tests/test_brs_api_client.py::TestBrsApiClientRequest::test_request_raises_when_not_initialized
tests/test_brs_api_client.py::TestBrsApiClientRequest::test_request_injects_api_key
tests/test_brs_api_client.py::TestBrsApiClientRequest::test_request_sets_browser_user_agent
tests/test_brs_api_client.py::TestBrsApiClientRequest::test_request_returns_data_on_200
tests/test_brs_api_client.py::TestBrsApiClientRequest::test_request_raises_on_api_error
tests/test_brs_api_client.py::TestBrsApiClientRequest::test_request_retries_on_client_error
tests/test_brs_api_client.py::TestBrsApiClientEndpoints::test_get_all_symbols
tests/test_brs_api_client.py::TestBrsApiClientEndpoints::test_get_symbol
tests/test_brs_api_client.py::TestBrsApiClientEndpoints::test_get_candlestick
tests/test_brs_api_client.py::TestBrsApiClientEndpoints::test_get_history
tests/test_brs_api_client.py::TestBrsApiClientEndpoints::test_get_codal
tests/test_brs_api_client.py::TestBrsApiClientEndpoints::test_get_ime_physical
tests/test_cache_service.py::TestMemoryCacheBackend::test_set_and_get
tests/test_cache_service.py::TestMemoryCacheBackend::test_get_missing_returns_none
tests/test_cache_service.py::TestMemoryCacheBackend::test_delete
tests/test_cache_service.py::TestMemoryCacheBackend::test_delete_missing_is_noop
tests/test_cache_service.py::TestMemoryCacheBackend::test_clear
tests/test_cache_service.py::TestMemoryCacheBackend::test_exists
tests/test_cache_service.py::TestMemoryCacheBackend::test_ttl_expiry_on_get
tests/test_cache_service.py::TestMemoryCacheBackend::test_ttl_expiry_on_exists
tests/test_cache_service.py::TestMemoryCacheBackend::test_size
tests/test_cache_service.py::TestCacheServiceBackendSelection::test_memory_backend_created
tests/test_cache_service.py::TestCacheServiceBackendSelection::test_redis_falls_back_to_memory
tests/test_cache_service.py::TestCacheServiceBackendSelection::test_unknown_backend_raises
tests/test_cache_service.py::TestCacheServiceOperations::test_set_and_get
tests/test_cache_service.py::TestCacheServiceOperations::test_namespacing
tests/test_cache_service.py::TestCacheServiceOperations::test_metrics_hits_and_misses
tests/test_cache_service.py::TestCacheServiceOperations::test_delete
tests/test_cache_service.py::TestCacheServiceOperations::test_exists
tests/test_cache_service.py::TestCacheServiceOperations::test_clear_all
tests/test_cache_service.py::TestCacheServiceOperations::test_get_or_set_computes_and_caches
tests/test_cache_service.py::TestCacheServiceOperations::test_get_or_set_with_non_callable
tests/test_cache_service.py::TestCacheServiceOperations::test_set_many_and_get_many
tests/test_cache_service.py::TestCacheServiceOperations::test_register_namespace
tests/test_cache_service.py::TestCacheServiceKeys::test_get_key_format
tests/test_cache_service.py::TestCacheServiceKeys::test_hash_key_stable
tests/test_cache_service.py::TestCacheServiceLifecycleAndStats::test_initialize_and_shutdown
tests/test_cache_service.py::TestCacheServiceLifecycleAndStats::test_get_stats_includes_size
tests/test_coefficient_learning.py::TestCoefficientLearningServiceInitialization::test_default_service_name
tests/test_coefficient_learning.py::TestCoefficientLearningServiceInitialization::test_custom_service_name
tests/test_coefficient_learning.py::TestCoefficientLearningServiceInitialization::test_initialize_loads_models
tests/test_coefficient_learning.py::TestCoefficientLearningServiceFeatures::test_extract_features_basic
tests/test_coefficient_learning.py::TestCoefficientLearningServiceFeatures::test_extract_features_empty_data
tests/test_coefficient_learning.py::TestCoefficientLearningServiceFeatures::test_extract_features_missing_timestamp
tests/test_coefficient_learning.py::TestCoefficientLearningServiceFeatures::test_prepare_training_data_empty
tests/test_coefficient_learning.py::TestCoefficientLearningServiceFeatures::test_prepare_training_data_missing_scores
tests/test_coefficient_learning.py::TestCoefficientLearningServiceTraining::test_train_level_model_insufficient_data
tests/test_coefficient_learning.py::TestCoefficientLearningServiceTraining::test_train_level_model_sufficient_data
tests/test_coefficient_learning.py::TestCoefficientLearningServiceTraining::test_get_coefficients_untrained
tests/test_coefficient_learning.py::TestCoefficientLearningServiceTraining::test_get_coefficients_trained
tests/test_coefficient_learning.py::TestCoefficientLearningServiceTraining::test_is_model_trained
tests/test_coefficient_learning.py::TestCoefficientLearningServiceLearnCoefficients::test_learn_coefficients_insufficient_data
tests/test_coefficient_learning.py::TestCoefficientLearningServiceLearnCoefficients::test_learn_coefficients_sufficient_data
tests/test_coefficient_learning.py::TestCoefficientLearningServiceLearnCoefficients::test_get_training_status
tests/test_coefficient_learning.py::TestCoefficientLearningServiceLearnCoefficients::test_health_check
tests/test_coefficient_learning.py::TestCoefficientLearningServiceIntegration::test_get_dynamic_weights_ml_unavailable
tests/test_coefficient_learning.py::TestCoefficientLearningServiceIntegration::test_get_dynamic_weights_ml_available_untrained
tests/test_coefficient_learning.py::TestCoefficientLearningServiceIntegration::test_get_dynamic_weights_ml_available_trained
tests/test_coefficient_learning.py::TestCoefficientLearningServiceIntegration::test_get_dynamic_weights_ml_invalid_sum
tests/test_coefficient_learning.py::TestCoefficientConstraints::test_normalize_coefficients_basic
tests/test_coefficient_learning.py::TestCoefficientConstraints::test_normalize_coefficients_negative_values
tests/test_coefficient_learning.py::TestCoefficientConstraints::test_normalize_coefficients_values_above_1
tests/test_coefficient_learning.py::TestCoefficientConstraints::test_normalize_coefficients_all_zero
tests/test_coefficient_learning.py::TestCoefficientConstraints::test_normalize_coefficients_empty
tests/test_coefficient_learning.py::TestCoefficientConstraints::test_validate_coefficients_valid
tests/test_coefficient_learning.py::TestCoefficientConstraints::test_validate_coefficients_invalid_sum
tests/test_coefficient_learning.py::TestCoefficientConstraints::test_validate_coefficients_negative
tests/test_coefficient_learning.py::TestCoefficientConstraints::test_validate_coefficients_above_1
tests/test_coefficient_learning.py::TestCoefficientConstraints::test_validate_coefficients_non_numeric
tests/test_coefficient_learning.py::TestCoefficientConstraints::test_get_coefficients_validates_before_return
tests/test_coefficient_learning.py::TestScoringServiceScoreConstraints::test_dimension_scores_clamped_to_100
tests/test_coefficient_learning.py::TestScoringServiceScoreConstraints::test_dimension_scores_clamped_to_0
tests/test_coefficient_learning.py::TestScoringServiceScoreConstraints::test_overall_score_weighted_sum_valid
tests/test_config_service.py::TestConfigTypeConversion::test_get_string_default
tests/test_config_service.py::TestConfigTypeConversion::test_get_string_from_env
tests/test_config_service.py::TestConfigTypeConversion::test_get_int_valid
tests/test_config_service.py::TestConfigTypeConversion::test_get_int_invalid_returns_default
tests/test_config_service.py::TestConfigTypeConversion::test_get_float_valid
tests/test_config_service.py::TestConfigTypeConversion::test_get_float_invalid_returns_default
tests/test_config_service.py::TestConfigTypeConversion::test_get_bool_truthy[true]
tests/test_config_service.py::TestConfigTypeConversion::test_get_bool_truthy[1]
tests/test_config_service.py::TestConfigTypeConversion::test_get_bool_truthy[yes]
tests/test_config_service.py::TestConfigTypeConversion::test_get_bool_truthy[on]
tests/test_config_service.py::TestConfigTypeConversion::test_get_bool_truthy[TRUE]
tests/test_config_service.py::TestConfigTypeConversion::test_get_bool_truthy[On]
tests/test_config_service.py::TestConfigTypeConversion::test_get_bool_falsy[false]
tests/test_config_service.py::TestConfigTypeConversion::test_get_bool_falsy[0]
tests/test_config_service.py::TestConfigTypeConversion::test_get_bool_falsy[no]
tests/test_config_service.py::TestConfigTypeConversion::test_get_bool_falsy[off]
tests/test_config_service.py::TestConfigTypeConversion::test_get_bool_falsy[FALSE]
tests/test_config_service.py::TestConfigTypeConversion::test_get_bool_unknown_returns_default
tests/test_config_service.py::TestConfigTypeConversion::test_get_list
tests/test_config_service.py::TestConfigTypeConversion::test_get_list_empty_returns_default
tests/test_config_service.py::TestConfigTypeConversion::test_get_json_valid
tests/test_config_service.py::TestConfigTypeConversion::test_get_json_invalid_returns_default
tests/test_config_service.py::TestConfigSections::test_config_has_all_sections
tests/test_config_service.py::TestConfigSections::test_get_config_section
tests/test_config_service.py::TestConfigSections::test_get_config_unknown_section
tests/test_config_service.py::TestConfigSections::test_set_config
tests/test_config_service.py::TestConfigEnvironment::test_is_development_default
tests/test_config_service.py::TestConfigEnvironment::test_is_production_true
tests/test_config_service.py::TestConfigEnvironment::test_is_development_true
tests/test_config_service.py::TestConfigEnvironment::test_is_debug
tests/test_config_service.py::TestConfigLifecycle::test_initialize_and_shutdown
tests/test_config_service.py::TestConfigLifecycle::test_find_env_file_returns_none_when_absent
tests/test_crypto_industry.py::TestCryptoIndustryMapperService::test_initialize
tests/test_crypto_industry.py::TestCryptoIndustryMapperService::test_shutdown
tests/test_crypto_industry.py::TestCryptoIndustryMapperService::test_classify_asset_btc
tests/test_crypto_industry.py::TestCryptoIndustryMapperService::test_classify_asset_eth
tests/test_crypto_industry.py::TestCryptoIndustryMapperService::test_classify_asset_stablecoin
tests/test_crypto_industry.py::TestCryptoIndustryMapperService::test_classify_asset_privacy
tests/test_crypto_industry.py::TestCryptoIndustryMapperService::test_classify_asset_unknown
tests/test_crypto_industry.py::TestCryptoIndustryMapperService::test_classify_asset_case_insensitive
tests/test_crypto_industry.py::TestCryptoIndustryMapperService::test_analyze_multiple_assets
tests/test_crypto_industry.py::TestCryptoIndustryMapperService::test_get_cross_asset_industries
tests/test_crypto_industry.py::TestCryptoIndustryMapperService::test_tiers
tests/test_crypto_industry.py::TestCryptoIndustryMapperService::test_layer_map
tests/test_crypto_industry.py::TestCryptoIndustryMapperService::test_function_map
tests/test_crypto_industry.py::TestCryptoIndustryMapperService::test_usage_map
tests/test_crypto_industry.py::TestCryptoIndustryMapperService::test_theme_map
tests/test_currency_conversion.py::TestCurrencyConversionServiceInitialization::test_default_service_name
tests/test_currency_conversion.py::TestCurrencyConversionServiceInitialization::test_initialize_logs
tests/test_currency_conversion.py::TestCurrencyConversionServiceInitialization::test_shutdown_logs
tests/test_currency_conversion.py::TestCurrencyConversion::test_same_currency_identity
tests/test_currency_conversion.py::TestCurrencyConversion::test_usd_to_eur_conversion
tests/test_currency_conversion.py::TestCurrencyConversion::test_eur_to_usd_conversion
tests/test_currency_conversion.py::TestCurrencyConversion::test_cross_rate_via_usd
tests/test_currency_conversion.py::TestCurrencyConversion::test_confidence_level_parameter
tests/test_currency_conversion.py::TestCurrencyConversion::test_historical_date_parameter
tests/test_currency_conversion.py::TestCurrencyConversion::test_conversion_methodology
tests/test_currency_conversion.py::TestCurrencyConversion::test_managed_float_methodology
tests/test_currency_conversion.py::TestCurrencyConversion::test_audit_trail_tracking
tests/test_currency_conversion.py::TestCurrencyConversion::test_get_audit_trail
tests/test_currency_conversion.py::TestErrorHandling::test_invalid_currency_fallback
tests/test_data_lineage.py::TestDataLineageInitialization::test_init_with_core_indicators
tests/test_data_lineage.py::TestDataLineageInitialization::test_shutdown_logs
tests/test_data_lineage.py::TestLineageTracking::test_track_origin
tests/test_data_lineage.py::TestLineageTracking::test_track_transformation
tests/test_data_lineage.py::TestLineageTracking::test_full_lineage_chain
tests/test_data_lineage.py::TestLineageQuery::test_get_lineage_unknown_indicator
tests/test_data_lineage.py::TestLineageQuery::test_get_transformation_log
tests/test_data_lineage.py::TestDataIntegrity::test_verify_data_integrity_valid
tests/test_data_lineage.py::TestDataIntegrity::test_verify_data_integrity_no_origin
tests/test_data_lineage.py::TestImpactAnalysis::test_get_impact_analysis_valid
tests/test_data_lineage.py::TestImpactAnalysis::test_get_impact_analysis_invalid
tests/test_database_service.py::TestDatabaseConfiguration::test_default_configuration
tests/test_database_service.py::TestDatabaseConfiguration::test_custom_configuration
tests/test_database_service.py::TestConnectionUrlMasking::test_password_is_masked
tests/test_database_service.py::TestConnectionUrlMasking::test_url_without_credentials
tests/test_database_service.py::TestConnectionUrlMasking::test_malformed_url_returned_as_is
tests/test_database_service.py::TestSessionGuards::test_get_session_before_init_raises
tests/test_database_service.py::TestSessionGuards::test_execute_before_init_raises
tests/test_database_service.py::TestSessionGuards::test_clean_sessions_empty
tests/test_database_service.py::TestStats::test_get_stats
tests/test_database_service.py::TestLifecycle::test_initialize_failure_raises
tests/test_database_service.py::TestLifecycle::test_shutdown_without_engine_is_safe
tests/test_database_service.py::TestLifecycle::test_health_check_reports_unhealthy_without_engine
tests/test_database_service.py::TestCheckDatabaseHelper::test_check_database_delegates
tests/test_dependency_container.py::TestDependencyContainer::test_register_and_get_singleton
tests/test_dependency_container.py::TestDependencyContainer::test_register_non_singleton_returns_new_instances
tests/test_dependency_container.py::TestDependencyContainer::test_get_unregistered_raises_keyerror
tests/test_dependency_container.py::TestDependencyContainer::test_get_merges_kwargs
tests/test_dependency_container.py::TestDependencyContainer::test_factory_exception_propagates
tests/test_dependency_container.py::TestDependencyContainer::test_register_instance_stored_in_singletons
tests/test_dependency_container.py::TestDependencyContainer::test_register_instance_requires_factory_for_get
tests/test_dependency_container.py::TestDependencyContainer::test_has
tests/test_dependency_container.py::TestDependencyContainer::test_remove
tests/test_dependency_container.py::TestDependencyContainer::test_shutdown_all_calls_shutdown
tests/test_dependency_container.py::TestDependencyContainer::test_shutdown_all_handles_service_without_shutdown
tests/test_dependency_container.py::TestDependencyContainer::test_get_stats
tests/test_dependency_container.py::TestDependencyContainer::test_repr
tests/test_dependency_container.py::TestGlobalContainer::test_global_container_is_singleton
tests/test_fundamental_service.py::TestFundamentalAnalysisServiceInitialization::test_default_service_name
tests/test_fundamental_service.py::TestFundamentalAnalysisServiceInitialization::test_initialize_logs
tests/test_fundamental_service.py::TestFundamentalAnalysisServiceInitialization::test_shutdown_logs
tests/test_fundamental_service.py::TestAnalyze::test_empty_financials_returns_structure
tests/test_fundamental_service.py::TestAnalyze::test_full_financials_returns_ratios
tests/test_fundamental_service.py::TestValuationRatios::test_pe_ratio_basic
tests/test_fundamental_service.py::TestValuationRatios::test_pe_ratio_zero_eps
tests/test_fundamental_service.py::TestValuationRatios::test_pe_ratio_negative_eps
tests/test_fundamental_service.py::TestValuationRatios::test_pb_ratio_basic
tests/test_fundamental_service.py::TestValuationRatios::test_pb_ratio_zero_book_value
tests/test_fundamental_service.py::TestValuationRatios::test_peg_ratio_basic
tests/test_fundamental_service.py::TestValuationRatios::test_peg_ratio_zero_growth
tests/test_fundamental_service.py::TestValuationRatios::test_payout_ratio_basic
tests/test_fundamental_service.py::TestValuationRatios::test_payout_ratio_zero_earnings
tests/test_fundamental_service.py::TestProfitabilityRatios::test_gross_margin
tests/test_fundamental_service.py::TestProfitabilityRatios::test_gross_margin_zero_revenue
tests/test_fundamental_service.py::TestProfitabilityRatios::test_operating_margin
tests/test_fundamental_service.py::TestProfitabilityRatios::test_net_margin
tests/test_fundamental_service.py::TestProfitabilityRatios::test_roe
tests/test_fundamental_service.py::TestProfitabilityRatios::test_roe_zero_equity
tests/test_fundamental_service.py::TestProfitabilityRatios::test_roa
tests/test_fundamental_service.py::TestProfitabilityRatios::test_roa_zero_assets
tests/test_fundamental_service.py::TestProfitabilityRatios::test_roic
tests/test_fundamental_service.py::TestProfitabilityRatios::test_roic_zero_invested_capital
tests/test_fundamental_service.py::TestLiquidityRatios::test_current_ratio
tests/test_fundamental_service.py::TestLiquidityRatios::test_current_ratio_zero_liabilities
tests/test_fundamental_service.py::TestLiquidityRatios::test_quick_ratio
tests/test_fundamental_service.py::TestLiquidityRatios::test_quick_ratio_zero_liabilities
tests/test_fundamental_service.py::TestLiquidityRatios::test_cash_ratio
tests/test_fundamental_service.py::TestLiquidityRatios::test_cash_ratio_zero_liabilities
tests/test_fundamental_service.py::TestEfficiencyRatios::test_asset_turnover
tests/test_fundamental_service.py::TestEfficiencyRatios::test_asset_turnover_zero_assets
tests/test_fundamental_service.py::TestEfficiencyRatios::test_inventory_turnover
tests/test_fundamental_service.py::TestEfficiencyRatios::test_inventory_turnover_zero_inventory
tests/test_fundamental_service.py::TestEfficiencyRatios::test_receivables_turnover
tests/test_fundamental_service.py::TestEfficiencyRatios::test_receivables_turnover_zero_ar
tests/test_health_checker.py::TestHealthCheckRegistration::test_register_check
tests/test_health_checker.py::TestHealthCheckRegistration::test_run_unregistered_check
tests/test_health_checker.py::TestRunChecks::test_run_sync_check
tests/test_health_checker.py::TestRunChecks::test_run_async_check
tests/test_health_checker.py::TestRunChecks::test_run_check_captures_exception
tests/test_health_checker.py::TestRunChecks::test_run_all_checks
tests/test_health_checker.py::TestStatusAggregation::test_aggregate_unhealthy
tests/test_health_checker.py::TestStatusAggregation::test_aggregate_error_is_unhealthy
tests/test_health_checker.py::TestStatusAggregation::test_aggregate_degraded
tests/test_health_checker.py::TestStatusAggregation::test_aggregate_warning_is_degraded
tests/test_health_checker.py::TestStatusAggregation::test_aggregate_all_healthy
tests/test_health_checker.py::TestStatusAggregation::test_aggregate_unknown
tests/test_health_checker.py::TestMonitoring::test_start_and_stop_monitoring
tests/test_health_checker.py::TestMonitoring::test_start_monitoring_idempotent
tests/test_health_checker.py::TestMonitoring::test_initialize_starts_and_shutdown_stops
tests/test_health_checker.py::TestResultsAndStats::test_get_last_results
tests/test_health_checker.py::TestResultsAndStats::test_get_check_status
tests/test_health_checker.py::TestResultsAndStats::test_get_check_status_missing
tests/test_health_checker.py::TestResultsAndStats::test_get_stats
tests/test_health_checker.py::TestCommonChecks::test_check_cache_healthy
tests/test_health_checker.py::TestCommonChecks::test_check_cache_handles_failure
tests/test_health_checker.py::TestCommonChecks::test_check_memory
tests/test_health_checker.py::TestCommonChecks::test_check_disk
tests/test_history_service.py::TestHistoryServiceInitialization::test_default_service_name
tests/test_history_service.py::TestHistoryServiceInitialization::test_initialize_logs
tests/test_history_service.py::TestHistoryServiceInitialization::test_shutdown_clears_cache
tests/test_history_service.py::TestGetStockHistory::test_cache_miss_calls_client
tests/test_history_service.py::TestGetStockHistory::test_cache_hit_returns_cached
tests/test_history_service.py::TestGetStockHistory::test_missing_client_raises
tests/test_history_service.py::TestGetPriceHistory::test_delegates_to_get_stock_history
tests/test_history_service.py::TestGetVolumeHistory::test_transforms_price_history
tests/test_history_service.py::TestStoreHistoricalData::test_warns_without_db_service
tests/test_logger_service.py::TestLoggerLevelParsing::test_parse_level[DEBUG-10]
tests/test_logger_service.py::TestLoggerLevelParsing::test_parse_level[info-20]
tests/test_logger_service.py::TestLoggerLevelParsing::test_parse_level[Warning-30]
tests/test_logger_service.py::TestLoggerLevelParsing::test_parse_level[ERROR-40]
tests/test_logger_service.py::TestLoggerLevelParsing::test_parse_level[CRITICAL-50]
tests/test_logger_service.py::TestLoggerLevelParsing::test_parse_level[unknown-20]
tests/test_logger_service.py::TestLoggerCreation::test_get_logger_returns_logger
tests/test_logger_service.py::TestLoggerCreation::test_get_logger_with_module_prefix
tests/test_logger_service.py::TestLoggerCreation::test_get_logger_is_cached
tests/test_logger_service.py::TestLoggerContext::test_set_and_get_context
tests/test_logger_service.py::TestLoggerContext::test_get_context_returns_copy
tests/test_logger_service.py::TestLoggerContext::test_clear_context
tests/test_logger_service.py::TestLoggerStructured::test_log_structured_emits_json
tests/test_logger_service.py::TestLoggerStructured::test_log_structured_merges_context
tests/test_logger_service.py::TestLoggerStructured::test_log_error
tests/test_logger_service.py::TestLoggerStructured::test_log_performance
tests/test_logger_service.py::TestLoggerLevelAndStats::test_set_level
tests/test_logger_service.py::TestLoggerLevelAndStats::test_get_stats
tests/test_logger_service.py::TestLoggerFileMode::test_file_handler_creates_directory
tests/test_logger_service.py::TestLoggerLifecycle::test_initialize_and_shutdown
tests/test_market_service.py::TestMarketServiceInitialization::test_default_service_name
tests/test_market_service.py::TestMarketServiceInitialization::test_initialize_logs
tests/test_market_service.py::TestMarketServiceInitialization::test_shutdown_clears_cache
tests/test_market_service.py::TestGetIndices::test_cache_miss_calls_client
tests/test_market_service.py::TestGetIndices::test_cache_hit_returns_cached
tests/test_market_service.py::TestGetIndices::test_missing_client_raises
tests/test_market_service.py::TestGetStats::test_cache_miss_calls_client
tests/test_market_service.py::TestGetStats::test_cache_hit_returns_cached
tests/test_market_service.py::TestGetStats::test_missing_client_raises
tests/test_market_service.py::TestGetGainers::test_cache_miss_calls_client
tests/test_market_service.py::TestGetGainers::test_missing_client_raises
tests/test_market_service.py::TestGetLosers::test_cache_miss_calls_client
tests/test_market_service.py::TestGetLosers::test_missing_client_raises
tests/test_market_service.py::TestGetMostActive::test_cache_miss_calls_client
tests/test_market_service.py::TestGetMostActive::test_missing_client_raises
tests/test_metrics_service.py::TestMetricsService::test_initialize_and_shutdown
tests/test_metrics_service.py::TestMetricsService::test_register_and_unregister_service
tests/test_metrics_service.py::TestMetricsService::test_get_service_metrics_missing
tests/test_metrics_service.py::TestMetricsService::test_get_all_metrics_aggregation
tests/test_metrics_service.py::TestMetricsService::test_get_health_summary
tests/test_metrics_service.py::TestMetricsService::test_health_check
tests/test_ml_services.py::TestPredictionService::test_initialize
tests/test_ml_services.py::TestPredictionService::test_shutdown
tests/test_ml_services.py::TestPredictionService::test_train_valid_data
tests/test_ml_services.py::TestPredictionService::test_train_invalid_data_mismatched_features_labels
tests/test_ml_services.py::TestPredictionService::test_train_invalid_data_empty_features
tests/test_ml_services.py::TestPredictionService::test_predict_insufficient_data
tests/test_ml_services.py::TestPredictionService::test_predict_model_not_trained
tests/test_ml_services.py::TestPredictionService::test_predict_success_upward
tests/test_ml_services.py::TestPredictionService::test_predict_success_downward
tests/test_ml_services.py::TestPredictionService::test_predict_custom_horizon
tests/test_ml_services.py::TestPredictionService::test_batch_predict_success
tests/test_ml_services.py::TestPredictionService::test_batch_predict_with_exceptions
tests/test_ml_services.py::TestPredictionService::test_health_check
tests/test_ml_services.py::TestPredictionService::test_metrics_tracking
tests/test_ml_services.py::TestRecommendationService::test_initialize
tests/test_ml_services.py::TestRecommendationService::test_shutdown
tests/test_ml_services.py::TestRecommendationService::test_predict_strong_buy
tests/test_ml_services.py::TestRecommendationService::test_predict_buy
tests/test_ml_services.py::TestRecommendationService::test_predict_hold
tests/test_ml_services.py::TestRecommendationService::test_predict_sell
tests/test_ml_services.py::TestRecommendationService::test_predict_strong_sell
tests/test_ml_services.py::TestRecommendationService::test_predict_default_values
tests/test_ml_services.py::TestRecommendationService::test_predict_score_calculation_accuracy
tests/test_ml_services.py::TestRecommendationService::test_confidence_capped_at_0_95
tests/test_ml_services.py::TestRecommendationService::test_train_integration
tests/test_ml_services.py::TestAnomalyDetectionService::test_initialize
tests/test_ml_services.py::TestAnomalyDetectionService::test_shutdown
tests/test_ml_services.py::TestAnomalyDetectionService::test_train_calculates_statistics
tests/test_ml_services.py::TestAnomalyDetectionService::test_train_empty_data_raises_error
tests/test_ml_services.py::TestAnomalyDetectionService::test_predict_anomaly_detected
tests/test_ml_services.py::TestAnomalyDetectionService::test_predict_no_anomaly
tests/test_ml_services.py::TestAnomalyDetectionService::test_predict_insufficient_data
tests/test_ml_services.py::TestAnomalyDetectionService::test_predict_model_not_trained
tests/test_ml_services.py::TestAnomalyDetectionService::test_predict_uses_returns_over_prices
tests/test_ml_services.py::TestAnomalyDetectionService::test_batch_detect
tests/test_ml_services.py::TestPatternRecognitionService::test_initialize
tests/test_ml_services.py::TestPatternRecognitionService::test_shutdown
tests/test_ml_services.py::TestPatternRecognitionService::test_train
tests/test_ml_services.py::TestPatternRecognitionService::test_predict_resistance_test
tests/test_ml_services.py::TestPatternRecognitionService::test_predict_support_test
tests/test_ml_services.py::TestPatternRecognitionService::test_predict_continuation
tests/test_ml_services.py::TestPatternRecognitionService::test_predict_insufficient_data
tests/test_ml_services.py::TestPatternRecognitionService::test_detect_patterns_multiple
tests/test_ml_services.py::TestPatternRecognitionService::test_predict_default_ticker
tests/test_ml_services.py::TestPortfolioOptimizationService::test_initialize
tests/test_ml_services.py::TestPortfolioOptimizationService::test_shutdown
tests/test_ml_services.py::TestPortfolioOptimizationService::test_predict_basic_allocation
tests/test_ml_services.py::TestPortfolioOptimizationService::test_predict_empty_assets_raises_error
tests/test_ml_services.py::TestPortfolioOptimizationService::test_predict_allocation_positive
tests/test_ml_services.py::TestPortfolioOptimizationService::test_predict_expected_return_calculation
tests/test_ml_services.py::TestPortfolioOptimizationService::test_predict_sharpe_ratio_calculation
tests/test_ml_services.py::TestPortfolioOptimizationService::test_predict_missing_asset_defaults
tests/test_ml_services.py::TestPortfolioOptimizationService::test_predict_default_portfolio_id
tests/test_ml_services.py::TestPortfolioOptimizationService::test_train_integration
tests/test_ml_services.py::TestMLServiceIntegration::test_service_lifecycle_full_flow
tests/test_ml_services.py::TestMLServiceIntegration::test_multiple_prediction_calls
tests/test_momentum_service.py::TestMomentumServiceInitialization::test_default_service_name
tests/test_momentum_service.py::TestMomentumServiceInitialization::test_initialize_logs
tests/test_momentum_service.py::TestMomentumServiceInitialization::test_shutdown_logs
tests/test_momentum_service.py::TestAnalyze::test_insufficient_data_returns_error
tests/test_momentum_service.py::TestAnalyze::test_valid_data_returns_momentum
tests/test_momentum_service.py::TestMomentumStrength::test_bullish_strength
tests/test_momentum_service.py::TestMomentumStrength::test_bearish_strength
tests/test_momentum_service.py::TestMomentumStrength::test_neutral_strength
tests/test_momentum_service.py::TestMomentumStrength::test_insufficient_prices
tests/test_momentum_service.py::TestMomentumDirection::test_strong_bullish
tests/test_momentum_service.py::TestMomentumDirection::test_bullish
tests/test_momentum_service.py::TestMomentumDirection::test_neutral
tests/test_momentum_service.py::TestMomentumDirection::test_strong_bearish
tests/test_momentum_service.py::TestMomentumDirection::test_bearish
tests/test_momentum_service.py::TestAcceleration::test_positive_acceleration
tests/test_momentum_service.py::TestAcceleration::test_negative_acceleration
tests/test_momentum_service.py::TestAcceleration::test_insufficient_prices
tests/test_momentum_service.py::TestReversalProbability::test_at_high_extreme
tests/test_momentum_service.py::TestReversalProbability::test_at_low_extreme
tests/test_momentum_service.py::TestReversalProbability::test_not_at_extreme
tests/test_momentum_service.py::TestReversalProbability::test_insufficient_prices
tests/test_monetary_policy.py::TestMonetaryPolicyServiceInitialization::test_default_service_name
tests/test_monetary_policy.py::TestMonetaryPolicyServiceInitialization::test_initialize_logs
tests/test_monetary_policy.py::TestMonetaryPolicyServiceInitialization::test_shutdown_logs
tests/test_monetary_policy.py::TestSectoralBalances::test_basic_sectoral_balance_calculation
tests/test_monetary_policy.py::TestSectoralBalances::test_government_surplus
tests/test_monetary_policy.py::TestSectoralBalances::test_missing_data_handling
tests/test_monetary_policy.py::TestSectoralBalances::test_identity_verification
tests/test_monetary_policy.py::TestMonetaryAggregates::test_money_multipliers
tests/test_monetary_policy.py::TestMonetaryAggregates::test_zero_monetary_base
tests/test_monetary_policy.py::TestMonetaryAggregates::test_missing_monetary_data
tests/test_monetary_policy.py::TestMMTRegimeClassification::test_fiscal_expansion_regime
tests/test_monetary_policy.py::TestMMTRegimeClassification::test_private_sector_saving_regime
tests/test_monetary_policy.py::TestMMTRegimeClassification::test_external_driven_regime
tests/test_monetary_policy.py::TestFiscalSpace::test_fiscal_space_calculation
tests/test_monetary_policy.py::TestFiscalSpace::test_fiscal_space_full_employment
tests/test_monetary_policy.py::TestFiscalSpace::test_fiscal_space_high_inflation
tests/test_monetary_policy.py::TestFullAnalysis::test_full_analysis
tests/test_monetary_policy.py::TestSectoralBalanceTrend::test_get_trend
tests/test_monetary_policy.py::TestSectoralBalanceTrend::test_no_history
tests/test_monetary_policy.py::TestMMTRegimeHistory::test_get_history
tests/test_news_service.py::TestNewsServiceInitialization::test_default_service_name
tests/test_news_service.py::TestNewsServiceInitialization::test_initialize_logs
tests/test_news_service.py::TestNewsServiceInitialization::test_shutdown_clears_cache
tests/test_news_service.py::TestGetMarketNews::test_returns_empty_when_client_missing
tests/test_news_service.py::TestGetMarketNews::test_caches_result
tests/test_news_service.py::TestGetMarketNews::test_cache_hit_returns_cached
tests/test_news_service.py::TestGetStockNews::test_returns_empty_when_client_missing
tests/test_news_service.py::TestGetStockNews::test_caches_result
tests/test_news_service.py::TestSearchNews::test_returns_empty_when_client_missing
tests/test_news_service.py::TestSearchNews::test_caches_result
tests/test_news_service.py::TestGetRelatedNews::test_aggregates_stock_news
tests/test_notification_service.py::TestNotificationCrud::test_create
tests/test_notification_service.py::TestNotificationCrud::test_list_with_total
tests/test_notification_service.py::TestNotificationCrud::test_list_unread_only
tests/test_notification_service.py::TestReadState::test_mark_read
tests/test_notification_service.py::TestReadState::test_mark_read_missing
tests/test_notification_service.py::TestReadState::test_mark_all_read
tests/test_notification_service.py::TestDelete::test_delete_notification
tests/test_notification_service.py::TestDelete::test_delete_missing
tests/test_portfolio_service.py::TestPortfolioServiceInitialization::test_default_service_name
tests/test_portfolio_service.py::TestPortfolioServiceInitialization::test_initialize_logs
tests/test_portfolio_service.py::TestPortfolioServiceInitialization::test_shutdown_logs
tests/test_portfolio_service.py::TestCRUD::test_get_by_id_returns_none
tests/test_portfolio_service.py::TestCRUD::test_list_all_returns_empty
tests/test_portfolio_service.py::TestCRUD::test_create_returns_data
tests/test_portfolio_service.py::TestCRUD::test_update_returns_data
tests/test_portfolio_service.py::TestCRUD::test_delete_returns_true
tests/test_portfolio_service.py::TestCRUD::test_add_holding_creates_holding_dict
tests/test_portfolio_service.py::TestCRUD::test_remove_holding_returns_true
tests/test_portfolio_service.py::TestCRUD::test_get_holdings_returns_empty
tests/test_portfolio_service.py::TestCalculateValue::test_computes_total_value
tests/test_portfolio_service.py::TestCalculateValue::test_zero_holdings_returns_zero
tests/test_preference_service.py::TestPreferences::test_set_and_get
tests/test_preference_service.py::TestPreferences::test_set_updates_existing
tests/test_preference_service.py::TestPreferences::test_list_preferences
tests/test_preference_service.py::TestPreferences::test_get_missing_returns_none
tests/test_preference_service.py::TestPreferences::test_delete_preference
tests/test_preference_service.py::TestPreferences::test_delete_missing
tests/test_queue_service.py::TestQueueService::test_initialize_and_shutdown
tests/test_queue_service.py::TestQueueService::test_set_processor
tests/test_queue_service.py::TestQueueService::test_enqueue_and_get_job
tests/test_queue_service.py::TestQueueService::test_enqueue_no_processor_fails
tests/test_queue_service.py::TestQueueService::test_get_queue_stats
tests/test_queue_service.py::TestQueueService::test_get_dead_letter_jobs
tests/test_queue_service.py::TestQueueService::test_health_check
tests/test_risk_service.py::TestRiskAnalysisServiceInitialization::test_default_service_name
tests/test_risk_service.py::TestRiskAnalysisServiceInitialization::test_initialize_logs
tests/test_risk_service.py::TestRiskAnalysisServiceInitialization::test_shutdown_logs
tests/test_risk_service.py::TestAnalyze::test_insufficient_data_returns_error
tests/test_risk_service.py::TestAnalyze::test_valid_data_returns_metrics
tests/test_risk_service.py::TestVolatilityMetrics::test_std_dev_basic
tests/test_risk_service.py::TestVolatilityMetrics::test_std_dev_empty
tests/test_risk_service.py::TestVolatilityMetrics::test_std_dev_single_value
tests/test_risk_service.py::TestValueAtRisk::test_var_calculation
tests/test_risk_service.py::TestValueAtRisk::test_var_empty_returns
tests/test_risk_service.py::TestPerformanceMetrics::test_sharpe_ratio_positive
tests/test_risk_service.py::TestPerformanceMetrics::test_max_drawdown
tests/test_risk_service.py::TestPerformanceMetrics::test_max_drawdown_empty
tests/test_risk_service.py::TestPerformanceMetrics::test_sortino_ratio
tests/test_risk_service.py::TestPortfolioRisk::test_equal_weight_portfolio
tests/test_risk_service.py::TestPortfolioRisk::test_single_asset_portfolio
tests/test_risk_service.py::TestPortfolioRisk::test_zero_volatility_assets
tests/test_risk_service.py::TestStressTest::test_single_scenario
tests/test_risk_service.py::TestStressTest::test_multiple_scenarios
tests/test_risk_service.py::TestStressTest::test_empty_scenarios
tests/test_scheduler_service.py::TestSchedulerService::test_initialize_and_shutdown
tests/test_scheduler_service.py::TestSchedulerService::test_register_and_unregister_job
tests/test_scheduler_service.py::TestSchedulerService::test_run_job_now
tests/test_scheduler_service.py::TestSchedulerService::test_run_job_now_missing
tests/test_scheduler_service.py::TestSchedulerService::test_list_jobs
tests/test_scheduler_service.py::TestSchedulerService::test_health_check
tests/test_scoring_service.py::TestScoringServiceInitialization::test_default_service_name
tests/test_scoring_service.py::TestScoringServiceInitialization::test_initialize_builds_hierarchy
tests/test_scoring_service.py::TestScoringServiceInitialization::test_hierarchy_node_count
tests/test_scoring_service.py::TestScoringServiceInitialization::test_shutdown_clears_cache
tests/test_scoring_service.py::TestAnalyze::test_empty_data_returns_zero_scores
tests/test_scoring_service.py::TestAnalyze::test_full_scoring_returns_grade
tests/test_scoring_service.py::TestAnalyze::test_caches_dimension_scores
tests/test_scoring_service.py::TestScoreDimension::test_empty_dimension_returns_zero
tests/test_scoring_service.py::TestScoreDimension::test_numeric_values_are_normalized
tests/test_scoring_service.py::TestNormalizeScore::test_tse_rsi_scoring
tests/test_scoring_service.py::TestNormalizeScore::test_global_rsi_scoring
tests/test_scoring_service.py::TestNormalizeScore::test_crypto_rsi_scoring
tests/test_scoring_service.py::TestNormalizeScore::test_pe_tse_scoring
tests/test_scoring_service.py::TestNormalizeScore::test_pe_global_scoring
tests/test_scoring_service.py::TestNormalizeScore::test_roe_scoring
tests/test_scoring_service.py::TestNormalizeScore::test_crypto_volatility_scoring
tests/test_scoring_service.py::TestNormalizeScore::test_crypto_risk_scoring
tests/test_scoring_service.py::TestNormalizeScore::test_default_generic_normalization
tests/test_scoring_service.py::TestGradeAssignment::test_strong_buy_grade
tests/test_scoring_service.py::TestGradeAssignment::test_buy_grade
tests/test_scoring_service.py::TestGradeAssignment::test_hold_grade
tests/test_scoring_service.py::TestGradeAssignment::test_sell_grade
tests/test_scoring_service.py::TestGradeAssignment::test_strong_sell_grade
tests/test_scoring_service.py::TestSignalGeneration::test_strong_signals
tests/test_scoring_service.py::TestSignalGeneration::test_positive_signals
tests/test_scoring_service.py::TestSignalGeneration::test_weak_signals
tests/test_scoring_service.py::TestSignalGeneration::test_neutral_no_signal
tests/test_scoring_service.py::TestBatchOperations::test_score_multiple
tests/test_scoring_service.py::TestBatchOperations::test_rank_stocks_by_overall
tests/test_scoring_service.py::TestBatchOperations::test_rank_stocks_by_dimension
tests/test_scoring_service.py::TestHierarchyInfo::test_hierarchy_counts
tests/test_scoring_service_ml.py::TestScoringServiceMLIntegration::test_get_dynamic_weights_calls_coefficient_service
tests/test_scoring_service_ml.py::TestScoringServiceMLIntegration::test_get_dynamic_weights_uses_static_when_ml_unavailable
tests/test_scoring_service_ml.py::TestScoringServiceMLIntegration::test_get_dynamic_weights_uses_static_when_sum_invalid
tests/test_scoring_service_ml.py::TestScoringServiceMLIntegration::test_get_dynamic_weights_no_ml_flag_uses_static
tests/test_scoring_service_ml.py::TestScoringServiceMLIntegration::test_analyze_uses_ml_weights
tests/test_scoring_service_ml.py::TestScoringServiceMLIntegration::test_analyze_uses_static_weights_when_ml_unavailable
tests/test_scoring_service_ml.py::TestScoringServiceMLIntegration::test_shutdown_calls_super
tests/test_semantic_versioning.py::TestSemanticVersioningInitialization::test_default_service_name
tests/test_semantic_versioning.py::TestSemanticVersioningInitialization::test_initialize_logs
tests/test_semantic_versioning.py::TestSemanticVersioningInitialization::test_shutdown_logs
tests/test_semantic_versioning.py::TestSemanticVersioningMethods::test_check_version_compatibility
tests/test_specialized_services.py::TestSectorAnalysisService::test_initialize_and_shutdown_log
tests/test_specialized_services.py::TestSectorAnalysisService::test_empty_sector
tests/test_specialized_services.py::TestSectorAnalysisService::test_sector_summary_aggregates
tests/test_specialized_services.py::TestSectorAnalysisService::test_analyze_all_groups_and_ranks
tests/test_specialized_services.py::TestScreeningService::test_passes_min_score
tests/test_specialized_services.py::TestScreeningService::test_sector_filter
tests/test_specialized_services.py::TestScreeningService::test_no_criteria_matches_all
tests/test_specialized_services.py::TestScreeningService::test_results_sorted_by_match_score
tests/test_specialized_services.py::TestScreeningService::test_price_and_volume_bounds
tests/test_specialized_services.py::TestComparisonService::test_compare_empty
tests/test_specialized_services.py::TestComparisonService::test_compare_rankings
tests/test_specialized_services.py::TestComparisonService::test_handles_missing_metrics
tests/test_specialized_services.py::TestCorrelationService::test_identical_series_correlate_one
tests/test_specialized_services.py::TestCorrelationService::test_inverse_series_detected
tests/test_specialized_services.py::TestCorrelationService::test_high_correlation_pair
tests/test_specialized_services.py::TestCorrelationService::test_empty_input
tests/test_specialized_services.py::TestCorrelationService::test_alignment_to_shortest
tests/test_specialized_services.py::TestCalendarService::test_initialize_shutdown
tests/test_specialized_services.py::TestCalendarService::test_friday_is_weekend
tests/test_specialized_services.py::TestCalendarService::test_next_trading_day_skips_weekend
tests/test_specialized_services.py::TestCalendarService::test_month_calendar_counts
tests/test_specialized_services.py::TestCalendarService::test_add_and_get_events
tests/test_specialized_services.py::TestCalendarService::test_events_in_range
tests/test_specialized_services.py::TestCalendarService::test_custom_weekend
tests/test_stock_service.py::TestStockServiceInitialization::test_default_service_name
tests/test_stock_service.py::TestStockServiceInitialization::test_initialize_logs
tests/test_stock_service.py::TestStockServiceInitialization::test_shutdown_clears_cache
tests/test_stock_service.py::TestGetStock::test_cache_miss_calls_client
tests/test_stock_service.py::TestGetStock::test_cache_hit_returns_cached
tests/test_stock_service.py::TestGetStock::test_missing_client_raises
tests/test_stock_service.py::TestGetStock::test_stores_result_in_cache
tests/test_stock_service.py::TestGetPrice::test_delegates_to_client
tests/test_stock_service.py::TestGetPrice::test_missing_client_raises
tests/test_stock_service.py::TestGetHistory::test_cache_miss_calls_client
tests/test_stock_service.py::TestGetHistory::test_cache_hit_returns_cached
tests/test_stock_service.py::TestGetHistory::test_missing_client_raises
tests/test_stock_service.py::TestSearch::test_cache_miss_calls_client
tests/test_stock_service.py::TestSearch::test_cache_hit_returns_cached
tests/test_stock_service.py::TestSearch::test_missing_client_raises
tests/test_stock_service.py::TestGetMultiple::test_collects_all_results
tests/test_stock_service.py::TestGetMultiple::test_handles_client_error_gracefully
tests/test_structural_break.py::TestStructuralBreakDetectionService::test_initialize
tests/test_structural_break.py::TestStructuralBreakDetectionService::test_shutdown
tests/test_structural_break.py::TestStructuralBreakDetectionService::test_analyze_insufficient_data
tests/test_structural_break.py::TestStructuralBreakDetectionService::test_bai_perron_test
tests/test_structural_break.py::TestStructuralBreakDetectionService::test_chow_test
tests/test_structural_break.py::TestStructuralBreakDetectionService::test_markov_structure_change
tests/test_structural_break.py::TestStructuralBreakDetectionService::test_analyze_with_data
tests/test_technical_service.py::TestTechnicalAnalysisServiceInitialization::test_default_service_name
tests/test_technical_service.py::TestTechnicalAnalysisServiceInitialization::test_initialize_logs
tests/test_technical_service.py::TestTechnicalAnalysisServiceInitialization::test_shutdown_logs
tests/test_technical_service.py::TestAnalyze::test_insufficient_data_returns_error
tests/test_technical_service.py::TestAnalyze::test_valid_data_returns_indicators
tests/test_technical_service.py::TestAnalyze::test_missing_volumes_skips_volume_indicators
tests/test_technical_service.py::TestMovingAverages::test_sma_basic
tests/test_technical_service.py::TestMovingAverages::test_sma_insufficient_data
tests/test_technical_service.py::TestMovingAverages::test_ema_basic
tests/test_technical_service.py::TestMovingAverages::test_ema_series
tests/test_technical_service.py::TestMovingAverages::test_wma_basic
tests/test_technical_service.py::TestMovingAverages::test_dema
tests/test_technical_service.py::TestMovingAverages::test_tema
tests/test_technical_service.py::TestMovingAverages::test_t3
tests/test_technical_service.py::TestMovingAverages::test_hull_ma
tests/test_technical_service.py::TestMomentumOscillators::test_rsi_basic
tests/test_technical_service.py::TestMomentumOscillators::test_rsi_insufficient_data
tests/test_technical_service.py::TestMomentumOscillators::test_macd_basic
tests/test_technical_service.py::TestMomentumOscillators::test_stochastic
tests/test_technical_service.py::TestMomentumOscillators::test_kdj
tests/test_technical_service.py::TestMomentumOscillators::test_cci
tests/test_technical_service.py::TestMomentumOscillators::test_williams_r
tests/test_technical_service.py::TestMomentumOscillators::test_roc
tests/test_technical_service.py::TestMomentumOscillators::test_trix
tests/test_technical_service.py::TestMomentumOscillators::test_stoch_rsi
tests/test_technical_service.py::TestMomentumOscillators::test_price_oscillator
tests/test_technical_service.py::TestVolatilityIndicators::test_bollinger_bands
tests/test_technical_service.py::TestVolatilityIndicators::test_std_dev
tests/test_technical_service.py::TestVolatilityIndicators::test_variance
tests/test_technical_service.py::TestVolatilityIndicators::test_atr
tests/test_technical_service.py::TestVolatilityIndicators::test_kama
tests/test_technical_service.py::TestVolatilityIndicators::test_donchian
tests/test_technical_service.py::TestTrendIndicators::test_adx
tests/test_technical_service.py::TestTrendIndicators::test_ichimoku
tests/test_technical_service.py::TestTrendIndicators::test_parabolic_sar
tests/test_technical_service.py::TestTrendIndicators::test_aroon
tests/test_technical_service.py::TestTrendIndicators::test_supertrend
tests/test_technical_service.py::TestVolumeIndicators::test_obv
tests/test_technical_service.py::TestVolumeIndicators::test_cmf
tests/test_technical_service.py::TestVolumeIndicators::test_ad_line
tests/test_technical_service.py::TestVolumeIndicators::test_vpt
tests/test_technical_service.py::TestVolumeIndicators::test_mfi
tests/test_technical_service.py::TestVolumeIndicators::test_ease_of_movement
tests/test_technical_service.py::TestSupportResistance::test_pivot_points
tests/test_technical_service.py::TestSupportResistance::test_fibonacci
tests/test_technical_service.py::TestExtraOscillators::test_awesome_oscillator
tests/test_technical_service.py::TestExtraOscillators::test_ultimate_oscillator
tests/test_user_profile_service.py::TestGetProfile::test_returns_user
tests/test_user_profile_service.py::TestGetProfile::test_missing_user_returns_none
tests/test_user_profile_service.py::TestUpdateProfile::test_updates_fields
tests/test_user_profile_service.py::TestUpdateProfile::test_ignores_none_values
tests/test_user_profile_service.py::TestUpdateProfile::test_missing_user_returns_none
tests/test_volatility_service.py::TestVolatilityServiceInitialization::test_default_service_name
tests/test_volatility_service.py::TestVolatilityServiceInitialization::test_initialize_logs
tests/test_volatility_service.py::TestVolatilityServiceInitialization::test_shutdown_logs
tests/test_volatility_service.py::TestAnalyze::test_insufficient_data_returns_error
tests/test_volatility_service.py::TestAnalyze::test_valid_data_returns_volatility
tests/test_volatility_service.py::TestAnalyze::test_volatility_regime_values
tests/test_volatility_service.py::TestHistoricalVolatility::test_basic_calculation
tests/test_volatility_service.py::TestHistoricalVolatility::test_single_return
tests/test_volatility_service.py::TestHistoricalVolatility::test_constant_returns
tests/test_volatility_service.py::TestHistoricalVolatility::test_annualized_volatility
tests/test_volatility_service.py::TestHistoricalVolatility::test_short_term_volatility
tests/test_volatility_service.py::TestHistoricalVolatility::test_long_term_volatility
tests/test_volatility_service.py::TestVolatilityRegime::test_high_volatility
tests/test_volatility_service.py::TestVolatilityRegime::test_normal_volatility
tests/test_volatility_service.py::TestForecastVolatility::test_mean_reversion_forecast
tests/test_volatility_service.py::TestForecastVolatility::test_zero_periods
tests/test_volatility_service.py::TestDetectVolatilityClusters::test_no_clusters
tests/test_volatility_service.py::TestDetectVolatilityClusters::test_single_cluster
tests/test_volatility_service.py::TestDetectVolatilityClusters::test_empty_returns
tests/test_watchlist_service.py::TestWatchlistCrud::test_create_and_list
tests/test_watchlist_service.py::TestWatchlistCrud::test_get_by_owner
tests/test_watchlist_service.py::TestWatchlistCrud::test_get_wrong_owner_returns_none
tests/test_watchlist_service.py::TestWatchlistCrud::test_delete
tests/test_watchlist_service.py::TestWatchlistItems::test_add_and_remove_item
tests/test_watchlist_service.py::TestWatchlistItems::test_add_item_to_missing_watchlist
tests/test_watchlist_service.py::TestWatchlistItems::test_remove_item_from_other_user_fails

=================================== ERRORS ====================================
_________________ ERROR collecting tests/test_api_security.py _________________
ImportError while importing test module 'E:\Shakour\BedaanProjects\OldFils\BedaanWaves\backend\tests\test_api_security.py'.
Hint: make sure your test modules/packages have valid Python names.
Traceback:
C:\Python313\Lib\importlib\__init__.py:88: in import_module
    return _bootstrap._gcd_import(name[level:], package, level)
           ^^^^^^^^^^^^^^^^^^^^^^^^^^^^^^^^^^^^^^^^^^^^^^^^^^^^
tests\test_api_security.py:15: in <module>
    from app.api.middleware import AuthGuardMiddleware
app\api\__init__.py:3: in <module>
    from . import (
E   ImportError: cannot import name 'market' from partially initialized module 'app.api' (most likely due to a circular import) (E:\Shakour\BedaanProjects\OldFils\BedaanWaves\backend\app\api\__init__.py)
=========================== short test summary info ===========================
ERROR tests/test_api_security.py
!!!!!!!!!!!!!!!!!!! Interrupted: 1 error during collection !!!!!!!!!!!!!!!!!!!!
662 tests collected, 1 error in 3.08s
